mode: set
github.com/bootdotdev/learn-cicd-starter/handler_notes.go:13.2,14.16 2 0
github.com/bootdotdev/learn-cicd-starter/handler_notes.go:15.3,17.1 2 0
github.com/bootdotdev/learn-cicd-starter/handler_notes.go:19.2,20.16 2 0
github.com/bootdotdev/learn-cicd-starter/handler_notes.go:21.3,23.1 2 0
github.com/bootdotdev/learn-cicd-starter/handler_notes.go:25.2,25.46 1 0
github.com/bootdotdev/learn-cicd-starter/handler_notes.go:29.2,31.1 5 0
github.com/bootdotdev/learn-cicd-starter/handler_notes.go:32.2,35.16 5 0
github.com/bootdotdev/learn-cicd-starter/handler_notes.go:36.3,38.1 2 0
github.com/bootdotdev/learn-cicd-starter/handler_notes.go:40.2,48.16 3 0
github.com/bootdotdev/learn-cicd-starter/handler_notes.go:49.3,51.1 2 0
github.com/bootdotdev/learn-cicd-starter/handler_notes.go:53.2,54.16 2 0
github.com/bootdotdev/learn-cicd-starter/handler_notes.go:55.3,57.1 2 0
github.com/bootdotdev/learn-cicd-starter/handler_notes.go:59.2,60.16 2 0
github.com/bootdotdev/learn-cicd-starter/handler_notes.go:61.3,63.1 2 0
github.com/bootdotdev/learn-cicd-starter/handler_notes.go:65.2,65.50 1 0
github.com/bootdotdev/learn-cicd-starter/handler_ready.go:6.2,7.1 1 0
github.com/bootdotdev/learn-cicd-starter/handler_user.go:16.2,18.1 5 0
github.com/bootdotdev/learn-cicd-starter/handler_user.go:19.2,22.16 5 0
github.com/bootdotdev/learn-cicd-starter/handler_user.go:23.3,25.1 2 0
github.com/bootdotdev/learn-cicd-starter/handler_user.go:27.2,28.16 2 0
github.com/bootdotdev/learn-cicd-starter/handler_user.go:29.3,31.1 2 0
github.com/bootdotdev/learn-cicd-starter/handler_user.go:33.2,40.16 2 0
github.com/bootdotdev/learn-cicd-starter/handler_user.go:41.3,43.1 2 0
github.com/bootdotdev/learn-cicd-starter/handler_user.go:45.2,46.16 2 0
github.com/bootdotdev/learn-cicd-starter/handler_user.go:47.3,49.1 2 0
github.com/bootdotdev/learn-cicd-starter/handler_user.go:51.2,52.16 2 0
github.com/bootdotdev/learn-cicd-starter/handler_user.go:53.3,55.1 2 0
github.com/bootdotdev/learn-cicd-starter/handler_user.go:56.2,56.50 1 0
github.com/bootdotdev/learn-cicd-starter/handler_user.go:60.2,62.16 3 0
github.com/bootdotdev/learn-cicd-starter/handler_user.go:63.3,64.1 1 0
github.com/bootdotdev/learn-cicd-starter/handler_user.go:65.2,67.24 3 0
github.com/bootdotdev/learn-cicd-starter/handler_user.go:72.2,73.16 2 0
github.com/bootdotdev/learn-cicd-starter/handler_user.go:74.3,76.1 2 0
github.com/bootdotdev/learn-cicd-starter/handler_user.go:78.2,78.45 1 0
github.com/bootdotdev/learn-cicd-starter/json.go:10.2,10.19 1 0
github.com/bootdotdev/learn-cicd-starter/json.go:11.3,12.1 1 0
github.com/bootdotdev/learn-cicd-starter/json.go:13.2,13.16 1 0
github.com/bootdotdev/learn-cicd-starter/json.go:14.3,15.1 1 0
github.com/bootdotdev/learn-cicd-starter/json.go:16.2,18.1 2 0
github.com/bootdotdev/learn-cicd-starter/json.go:19.2,21.4 2 0
github.com/bootdotdev/learn-cicd-starter/json.go:25.2,27.16 3 0
github.com/bootdotdev/learn-cicd-starter/json.go:28.3,31.1 3 0
github.com/bootdotdev/learn-cicd-starter/json.go:32.2,33.14 2 0
github.com/bootdotdev/learn-cicd-starter/main.go:28.2,29.16 2 0
github.com/bootdotdev/learn-cicd-starter/main.go:30.3,31.1 1 0
github.com/bootdotdev/learn-cicd-starter/main.go:33.2,34.16 2 0
github.com/bootdotdev/learn-cicd-starter/main.go:35.3,36.1 1 0
github.com/bootdotdev/learn-cicd-starter/main.go:38.2,39.1 3 0
github.com/bootdotdev/learn-cicd-starter/main.go:42.2,43.17 3 0
github.com/bootdotdev/learn-cicd-starter/main.go:44.3,46.1 2 0
github.com/bootdotdev/learn-cicd-starter/main.go:47.3,48.17 2 0
github.com/bootdotdev/learn-cicd-starter/main.go:49.4,50.1 1 0
github.com/bootdotdev/learn-cicd-starter/main.go:51.3,53.40 3 0
github.com/bootdotdev/learn-cicd-starter/main.go:56.2,57.1 3 0
github.com/bootdotdev/learn-cicd-starter/main.go:58.2,66.1 3 0
github.com/bootdotdev/learn-cicd-starter/main.go:67.2,67.63 3 0
github.com/bootdotdev/learn-cicd-starter/main.go:68.3,69.17 2 0
github.com/bootdotdev/learn-cicd-starter/main.go:70.4,72.1 2 0
github.com/bootdotdev/learn-cicd-starter/main.go:73.3,74.42 2 0
github.com/bootdotdev/learn-cicd-starter/main.go:75.4,76.1 1 0
github.com/bootdotdev/learn-cicd-starter/main.go:79.2,80.1 2 0
github.com/bootdotdev/learn-cicd-starter/main.go:81.2,81.22 2 0
github.com/bootdotdev/learn-cicd-starter/main.go:82.3,86.1 4 0
github.com/bootdotdev/learn-cicd-starter/main.go:88.2,89.1 5 0
github.com/bootdotdev/learn-cicd-starter/main.go:90.2,94.1 5 0
github.com/bootdotdev/learn-cicd-starter/main.go:96.2,97.33 5 0
github.com/bootdotdev/learn-cicd-starter/middleware_auth.go:13.2,13.54 1 0
github.com/bootdotdev/learn-cicd-starter/middleware_auth.go:14.3,15.17 2 0
github.com/bootdotdev/learn-cicd-starter/middleware_auth.go:16.4,18.1 2 0
github.com/bootdotdev/learn-cicd-starter/middleware_auth.go:20.3,21.17 2 0
github.com/bootdotdev/learn-cicd-starter/middleware_auth.go:22.4,24.1 2 0
github.com/bootdotdev/learn-cicd-starter/middleware_auth.go:26.3,26.22 1 0
github.com/bootdotdev/learn-cicd-starter/models.go:18.2,19.16 2 0
github.com/bootdotdev/learn-cicd-starter/models.go:20.3,21.1 1 0
github.com/bootdotdev/learn-cicd-starter/models.go:23.2,24.16 2 0
github.com/bootdotdev/learn-cicd-starter/models.go:25.3,26.1 1 0
github.com/bootdotdev/learn-cicd-starter/models.go:27.2,33.8 1 0
github.com/bootdotdev/learn-cicd-starter/models.go:45.2,46.16 2 0
github.com/bootdotdev/learn-cicd-starter/models.go:47.3,48.1 1 0
github.com/bootdotdev/learn-cicd-starter/models.go:50.2,51.16 2 0
github.com/bootdotdev/learn-cicd-starter/models.go:52.3,53.1 1 0
github.com/bootdotdev/learn-cicd-starter/models.go:54.2,60.8 1 0
github.com/bootdotdev/learn-cicd-starter/models.go:64.2,65.29 2 0
github.com/bootdotdev/learn-cicd-starter/models.go:66.3,68.17 3 0
github.com/bootdotdev/learn-cicd-starter/models.go:69.4,70.1 1 0
github.com/bootdotdev/learn-cicd-starter/models.go:73.2,73.20 1 0
github.com/bootdotdev/learn-cicd-starter/internal/database/db.go:20.2,21.1 1 0
github.com/bootdotdev/learn-cicd-starter/internal/database/db.go:28.2,30.1 1 0
github.com/bootdotdev/learn-cicd-starter/internal/database/notes.sql.go:26.2,34.1 2 0
github.com/bootdotdev/learn-cicd-starter/internal/database/notes.sql.go:42.2,52.1 4 0
github.com/bootdotdev/learn-cicd-starter/internal/database/notes.sql.go:60.2,61.16 2 0
github.com/bootdotdev/learn-cicd-starter/internal/database/notes.sql.go:62.3,63.1 1 0
github.com/bootdotdev/learn-cicd-starter/internal/database/notes.sql.go:64.2,66.18 3 0
github.com/bootdotdev/learn-cicd-starter/internal/database/notes.sql.go:67.3,74.17 2 0
github.com/bootdotdev/learn-cicd-starter/internal/database/notes.sql.go:75.4,76.1 1 0
github.com/bootdotdev/learn-cicd-starter/internal/database/notes.sql.go:77.3,77.27 1 0
github.com/bootdotdev/learn-cicd-starter/internal/database/notes.sql.go:79.2,79.37 1 0
github.com/bootdotdev/learn-cicd-starter/internal/database/notes.sql.go:80.3,81.1 1 0
github.com/bootdotdev/learn-cicd-starter/internal/database/notes.sql.go:82.2,82.35 1 0
github.com/bootdotdev/learn-cicd-starter/internal/database/notes.sql.go:83.3,84.1 1 0
github.com/bootdotdev/learn-cicd-starter/internal/database/notes.sql.go:85.2,85.19 1 0
github.com/bootdotdev/learn-cicd-starter/internal/database/users.sql.go:32.2,40.1 2 0
github.com/bootdotdev/learn-cicd-starter/internal/database/users.sql.go:48.2,58.1 4 0
github.com/bootdotdev/learn-cicd-starter/internal/auth/auth.go:13.2,14.22 2 1
github.com/bootdotdev/learn-cicd-starter/internal/auth/auth.go:15.3,16.1 1 1
github.com/bootdotdev/learn-cicd-starter/internal/auth/auth.go:17.2,18.52 2 1
github.com/bootdotdev/learn-cicd-starter/internal/auth/auth.go:19.3,20.1 1 1
github.com/bootdotdev/learn-cicd-starter/internal/auth/auth.go:22.2,22.26 1 1
